DEB [20220401-14:03:08.657] thr=1   paramiko.transport: starting thread (client mode): 0x2f840b80
DEB [20220401-14:03:08.657] thr=1   paramiko.transport: Local version/idstring: SSH-2.0-paramiko_2.7.2
DEB [20220401-14:03:08.673] thr=1   paramiko.transport: Remote version/idstring: SSH-2.0-OpenSSH_7.4
INF [20220401-14:03:08.674] thr=1   paramiko.transport: Connected (version 2.0, client OpenSSH_7.4)
DEB [20220401-14:03:08.677] thr=1   paramiko.transport: kex algos:['curve25519-sha256', 'curve25519-sha256@libssh.org', 'ecdh-sha2-nistp256', 'ecdh-sha2-nistp384', 'ecdh-sha2-nistp521', 'diffie-hellman-group-exchange-sha256', 'diffie-hellman-group16-sha512', 'diffie-hellman-group18-sha512', 'diffie-hellman-group-exchange-sha1', 'diffie-hellman-group14-sha256', 'diffie-hellman-group14-sha1', 'diffie-hellman-group1-sha1'] server key:['ssh-rsa', 'rsa-sha2-512', 'rsa-sha2-256', 'ecdsa-sha2-nistp256', 'ssh-ed25519'] client encrypt:['chacha20-poly1305@openssh.com', 'aes128-ctr', 'aes192-ctr', 'aes256-ctr', 'aes128-gcm@openssh.com', 'aes256-gcm@openssh.com', 'aes128-cbc', 'aes192-cbc', 'aes256-cbc', 'blowfish-cbc', 'cast128-cbc', '3des-cbc'] server encrypt:['chacha20-poly1305@openssh.com', 'aes128-ctr', 'aes192-ctr', 'aes256-ctr', 'aes128-gcm@openssh.com', 'aes256-gcm@openssh.com', 'aes128-cbc', 'aes192-cbc', 'aes256-cbc', 'blowfish-cbc', 'cast128-cbc', '3des-cbc'] client mac:['umac-64-etm@openssh.com', 'umac-128-etm@openssh.com', 'hmac-sha2-256-etm@openssh.com', 'hmac-sha2-512-etm@openssh.com', 'hmac-sha1-etm@openssh.com', 'umac-64@openssh.com', 'umac-128@openssh.com', 'hmac-sha2-256', 'hmac-sha2-512', 'hmac-sha1'] server mac:['umac-64-etm@openssh.com', 'umac-128-etm@openssh.com', 'hmac-sha2-256-etm@openssh.com', 'hmac-sha2-512-etm@openssh.com', 'hmac-sha1-etm@openssh.com', 'umac-64@openssh.com', 'umac-128@openssh.com', 'hmac-sha2-256', 'hmac-sha2-512', 'hmac-sha1'] client compress:['none', 'zlib@openssh.com'] server compress:['none', 'zlib@openssh.com'] client lang:[''] server lang:[''] kex follows?False
DEB [20220401-14:03:08.678] thr=1   paramiko.transport: Kex agreed: curve25519-sha256@libssh.org
DEB [20220401-14:03:08.678] thr=1   paramiko.transport: HostKey agreed: ecdsa-sha2-nistp256
DEB [20220401-14:03:08.678] thr=1   paramiko.transport: Cipher agreed: aes128-ctr
DEB [20220401-14:03:08.678] thr=1   paramiko.transport: MAC agreed: hmac-sha2-256
DEB [20220401-14:03:08.678] thr=1   paramiko.transport: Compression agreed: zlib@openssh.com
DEB [20220401-14:03:08.738] thr=1   paramiko.transport: kex engine KexCurve25519 specified hash_algo <built-in function openssl_sha256>
DEB [20220401-14:03:08.738] thr=1   paramiko.transport: Switch to new keys ...
DEB [20220401-14:03:08.748] thr=1   paramiko.transport: userauth is OK
INF [20220401-14:03:08.790] thr=1   paramiko.transport: Authentication (password) successful!
DEB [20220401-14:03:08.790] thr=1   paramiko.transport: Switching on outbound compression ...
DEB [20220401-14:03:08.790] thr=1   paramiko.transport: Switching on inbound compression ...
DEB [20220401-14:03:08.791] thr=2   paramiko.transport: [chan 0] Max packet in: 32768 bytes
DEB [20220401-14:03:08.798] thr=1   paramiko.transport: Received global request "hostkeys-00@openssh.com"
DEB [20220401-14:03:08.798] thr=1   paramiko.transport: Rejecting "hostkeys-00@openssh.com" global request from server.
DEB [20220401-14:03:08.844] thr=1   paramiko.transport: [chan 0] Max packet out: 32768 bytes
DEB [20220401-14:03:08.844] thr=1   paramiko.transport: Secsh channel 0 opened.
DEB [20220401-14:03:08.845] thr=1   paramiko.transport: [chan 0] Sesch channel 0 request ok
DEB [20220401-14:03:08.847] thr=1   paramiko.transport: [chan 0] Sesch channel 0 request ok
DEB [20220401-14:12:25.969] thr=1   paramiko.transport: starting thread (client mode): 0x2c280b80
DEB [20220401-14:12:25.969] thr=1   paramiko.transport: Local version/idstring: SSH-2.0-paramiko_2.7.2
DEB [20220401-14:12:25.984] thr=1   paramiko.transport: Remote version/idstring: SSH-2.0-OpenSSH_7.4
INF [20220401-14:12:25.984] thr=1   paramiko.transport: Connected (version 2.0, client OpenSSH_7.4)
DEB [20220401-14:12:25.987] thr=1   paramiko.transport: kex algos:['curve25519-sha256', 'curve25519-sha256@libssh.org', 'ecdh-sha2-nistp256', 'ecdh-sha2-nistp384', 'ecdh-sha2-nistp521', 'diffie-hellman-group-exchange-sha256', 'diffie-hellman-group16-sha512', 'diffie-hellman-group18-sha512', 'diffie-hellman-group-exchange-sha1', 'diffie-hellman-group14-sha256', 'diffie-hellman-group14-sha1', 'diffie-hellman-group1-sha1'] server key:['ssh-rsa', 'rsa-sha2-512', 'rsa-sha2-256', 'ecdsa-sha2-nistp256', 'ssh-ed25519'] client encrypt:['chacha20-poly1305@openssh.com', 'aes128-ctr', 'aes192-ctr', 'aes256-ctr', 'aes128-gcm@openssh.com', 'aes256-gcm@openssh.com', 'aes128-cbc', 'aes192-cbc', 'aes256-cbc', 'blowfish-cbc', 'cast128-cbc', '3des-cbc'] server encrypt:['chacha20-poly1305@openssh.com', 'aes128-ctr', 'aes192-ctr', 'aes256-ctr', 'aes128-gcm@openssh.com', 'aes256-gcm@openssh.com', 'aes128-cbc', 'aes192-cbc', 'aes256-cbc', 'blowfish-cbc', 'cast128-cbc', '3des-cbc'] client mac:['umac-64-etm@openssh.com', 'umac-128-etm@openssh.com', 'hmac-sha2-256-etm@openssh.com', 'hmac-sha2-512-etm@openssh.com', 'hmac-sha1-etm@openssh.com', 'umac-64@openssh.com', 'umac-128@openssh.com', 'hmac-sha2-256', 'hmac-sha2-512', 'hmac-sha1'] server mac:['umac-64-etm@openssh.com', 'umac-128-etm@openssh.com', 'hmac-sha2-256-etm@openssh.com', 'hmac-sha2-512-etm@openssh.com', 'hmac-sha1-etm@openssh.com', 'umac-64@openssh.com', 'umac-128@openssh.com', 'hmac-sha2-256', 'hmac-sha2-512', 'hmac-sha1'] client compress:['none', 'zlib@openssh.com'] server compress:['none', 'zlib@openssh.com'] client lang:[''] server lang:[''] kex follows?False
DEB [20220401-14:12:25.987] thr=1   paramiko.transport: Kex agreed: curve25519-sha256@libssh.org
DEB [20220401-14:12:25.987] thr=1   paramiko.transport: HostKey agreed: ecdsa-sha2-nistp256
DEB [20220401-14:12:25.987] thr=1   paramiko.transport: Cipher agreed: aes128-ctr
DEB [20220401-14:12:25.987] thr=1   paramiko.transport: MAC agreed: hmac-sha2-256
DEB [20220401-14:12:25.987] thr=1   paramiko.transport: Compression agreed: zlib@openssh.com
DEB [20220401-14:12:26.000] thr=1   paramiko.transport: kex engine KexCurve25519 specified hash_algo <built-in function openssl_sha256>
DEB [20220401-14:12:26.000] thr=1   paramiko.transport: Switch to new keys ...
DEB [20220401-14:12:26.041] thr=1   paramiko.transport: userauth is OK
INF [20220401-14:12:26.083] thr=1   paramiko.transport: Authentication (password) successful!
DEB [20220401-14:12:26.083] thr=1   paramiko.transport: Switching on outbound compression ...
DEB [20220401-14:12:26.083] thr=1   paramiko.transport: Switching on inbound compression ...
DEB [20220401-14:12:26.083] thr=2   paramiko.transport: [chan 0] Max packet in: 32768 bytes
DEB [20220401-14:12:26.091] thr=1   paramiko.transport: Received global request "hostkeys-00@openssh.com"
DEB [20220401-14:12:26.091] thr=1   paramiko.transport: Rejecting "hostkeys-00@openssh.com" global request from server.
DEB [20220401-14:12:26.141] thr=1   paramiko.transport: [chan 0] Max packet out: 32768 bytes
DEB [20220401-14:12:26.141] thr=1   paramiko.transport: Secsh channel 0 opened.
DEB [20220401-14:12:26.142] thr=1   paramiko.transport: [chan 0] Sesch channel 0 request ok
DEB [20220401-14:12:26.143] thr=1   paramiko.transport: [chan 0] Sesch channel 0 request ok
DEB [20220401-14:12:36.977] thr=1   paramiko.transport: starting thread (client mode): 0x7e430b80
DEB [20220401-14:12:36.977] thr=1   paramiko.transport: Local version/idstring: SSH-2.0-paramiko_2.7.2
DEB [20220401-14:12:36.993] thr=1   paramiko.transport: Remote version/idstring: SSH-2.0-OpenSSH_7.4
INF [20220401-14:12:36.993] thr=1   paramiko.transport: Connected (version 2.0, client OpenSSH_7.4)
DEB [20220401-14:12:36.995] thr=1   paramiko.transport: kex algos:['curve25519-sha256', 'curve25519-sha256@libssh.org', 'ecdh-sha2-nistp256', 'ecdh-sha2-nistp384', 'ecdh-sha2-nistp521', 'diffie-hellman-group-exchange-sha256', 'diffie-hellman-group16-sha512', 'diffie-hellman-group18-sha512', 'diffie-hellman-group-exchange-sha1', 'diffie-hellman-group14-sha256', 'diffie-hellman-group14-sha1', 'diffie-hellman-group1-sha1'] server key:['ssh-rsa', 'rsa-sha2-512', 'rsa-sha2-256', 'ecdsa-sha2-nistp256', 'ssh-ed25519'] client encrypt:['chacha20-poly1305@openssh.com', 'aes128-ctr', 'aes192-ctr', 'aes256-ctr', 'aes128-gcm@openssh.com', 'aes256-gcm@openssh.com', 'aes128-cbc', 'aes192-cbc', 'aes256-cbc', 'blowfish-cbc', 'cast128-cbc', '3des-cbc'] server encrypt:['chacha20-poly1305@openssh.com', 'aes128-ctr', 'aes192-ctr', 'aes256-ctr', 'aes128-gcm@openssh.com', 'aes256-gcm@openssh.com', 'aes128-cbc', 'aes192-cbc', 'aes256-cbc', 'blowfish-cbc', 'cast128-cbc', '3des-cbc'] client mac:['umac-64-etm@openssh.com', 'umac-128-etm@openssh.com', 'hmac-sha2-256-etm@openssh.com', 'hmac-sha2-512-etm@openssh.com', 'hmac-sha1-etm@openssh.com', 'umac-64@openssh.com', 'umac-128@openssh.com', 'hmac-sha2-256', 'hmac-sha2-512', 'hmac-sha1'] server mac:['umac-64-etm@openssh.com', 'umac-128-etm@openssh.com', 'hmac-sha2-256-etm@openssh.com', 'hmac-sha2-512-etm@openssh.com', 'hmac-sha1-etm@openssh.com', 'umac-64@openssh.com', 'umac-128@openssh.com', 'hmac-sha2-256', 'hmac-sha2-512', 'hmac-sha1'] client compress:['none', 'zlib@openssh.com'] server compress:['none', 'zlib@openssh.com'] client lang:[''] server lang:[''] kex follows?False
DEB [20220401-14:12:36.995] thr=1   paramiko.transport: Kex agreed: curve25519-sha256@libssh.org
DEB [20220401-14:12:36.995] thr=1   paramiko.transport: HostKey agreed: ecdsa-sha2-nistp256
DEB [20220401-14:12:36.995] thr=1   paramiko.transport: Cipher agreed: aes128-ctr
DEB [20220401-14:12:36.995] thr=1   paramiko.transport: MAC agreed: hmac-sha2-256
DEB [20220401-14:12:36.995] thr=1   paramiko.transport: Compression agreed: zlib@openssh.com
DEB [20220401-14:12:37.008] thr=1   paramiko.transport: kex engine KexCurve25519 specified hash_algo <built-in function openssl_sha256>
DEB [20220401-14:12:37.009] thr=1   paramiko.transport: Switch to new keys ...
DEB [20220401-14:12:37.049] thr=1   paramiko.transport: userauth is OK
INF [20220401-14:12:37.093] thr=1   paramiko.transport: Authentication (password) successful!
DEB [20220401-14:12:37.093] thr=1   paramiko.transport: Switching on outbound compression ...
DEB [20220401-14:12:37.094] thr=1   paramiko.transport: Switching on inbound compression ...
DEB [20220401-14:12:37.096] thr=2   paramiko.transport: [chan 0] Max packet in: 32768 bytes
DEB [20220401-14:12:37.101] thr=1   paramiko.transport: Received global request "hostkeys-00@openssh.com"
DEB [20220401-14:12:37.102] thr=1   paramiko.transport: Rejecting "hostkeys-00@openssh.com" global request from server.
DEB [20220401-14:12:37.156] thr=1   paramiko.transport: [chan 0] Max packet out: 32768 bytes
DEB [20220401-14:12:37.156] thr=1   paramiko.transport: Secsh channel 0 opened.
DEB [20220401-14:12:37.158] thr=1   paramiko.transport: [chan 0] Sesch channel 0 request ok
DEB [20220401-14:12:37.159] thr=1   paramiko.transport: [chan 0] Sesch channel 0 request ok
